// Jest Snapshot v1, https://goo.gl/fbAQLP

exports[`Matches the snapshot 1`] = `
<div
  class="meal"
>
  <h3>
    <span
      class="fa-layers fa-fw"
    >
      <i
        class="fas fa-circle"
        data-fa-transform="grow-6"
      />
      <i
        class="fas fa-utensils"
        data-fa-transform="shrink-2"
      />
    </span>
    Diner
  </h3>
  <div
    class="mealContent"
  >
    <ul>
      <li>
        <span>
          evening Meal 1
        </span>
        <div
          class="actions"
        >
          <div
            class="food-type-picker"
          >
            <a
              role="button"
            >
              <i
                class="fas fa-tag"
              />
            </a>
          </div>
          <a
            role="button"
          >
            <i
              class="far fa-trash-alt"
            />
          </a>
        </div>
      </li>
      <li>
        <span>
          evening Meal 2
        </span>
        <div
          class="actions"
        >
          <div
            class="food-type-picker"
          >
            <a
              role="button"
            >
              <i
                class="fas fa-tag"
              />
            </a>
          </div>
          <a
            role="button"
          >
            <i
              class="far fa-trash-alt"
            />
          </a>
        </div>
      </li>
    </ul>
    <input
      placeholder="What else...?"
      type="text"
    />
  </div>
</div>
`;
