// Jest Snapshot v1, https://goo.gl/fbAQLP

exports[`Matches the snapshot 1`] = `
<span
  class="icon-wrapper"
>
  <svg
    class="icon"
  >
    <use
      xlink:href="#icon-price-tag"
    />
  </svg>
</span>
`;
